// Jest Snapshot v1, https://goo.gl/fbAQLP

exports[`AddFolder component renders AddFolder by default 1`] = `
<ContextConsumer>
  <Component />
</ContextConsumer>
`;

exports[`AddFolder component renders form from store when in props 1`] = `null`;
