// Jest Snapshot v1, https://goo.gl/fbAQLP

exports[`AddNote component renders AddNote by default 1`] = `
<ContextConsumer>
  <Component />
</ContextConsumer>
`;

exports[`AddNote component renders form from store when in props 1`] = `null`;
