// Jest Snapshot v1, https://goo.gl/fbAQLP

exports[`FolderItem component renders FolderItem by default 1`] = `
<ContextConsumer>
  <Component />
</ContextConsumer>
`;

exports[`FolderItem component renders fodler with name testname when in props 1`] = `null`;
