// Jest Snapshot v1, https://goo.gl/fbAQLP

exports[`NoteItem component renders NoteItem by default 1`] = `
<ContextConsumer>
  <Component />
</ContextConsumer>
`;

exports[`NoteItem component renders note from props 1`] = `null`;
