// Jest Snapshot v1, https://goo.gl/fbAQLP

exports[`HeaderSection component renders HeaderSection by default 1`] = `
<ContextConsumer>
  <Component />
</ContextConsumer>
`;
