// Jest Snapshot v1, https://goo.gl/fbAQLP

exports[`MainSection component renders MainSection by default 1`] = `
<ContextConsumer>
  <Component />
</ContextConsumer>
`;

exports[`MainSection component renders main section with store when in props 1`] = `null`;
