// Jest Snapshot v1, https://goo.gl/fbAQLP

exports[`SidebarSection component renders Sidebar section with store when in props 1`] = `null`;

exports[`SidebarSection component renders SidebarSection by default 1`] = `
<ContextConsumer>
  <Component />
</ContextConsumer>
`;
