// Jest Snapshot v1, https://goo.gl/fbAQLP

exports[`FolderRoute component renders FolderRoute by default 1`] = `
<ContextConsumer>
  <Component />
</ContextConsumer>
`;

exports[`FolderRoute component renders folder route from store when in props 1`] = `null`;
