// Jest Snapshot v1, https://goo.gl/fbAQLP

exports[`MainRoute component renders MainRoute by default 1`] = `
<ContextConsumer>
  <Component />
</ContextConsumer>
`;

exports[`MainRoute component renders main route from store when in props 1`] = `null`;
