// Jest Snapshot v1, https://goo.gl/fbAQLP

exports[`NoteRoute component renders NoteRoute by default 1`] = `
<ContextConsumer>
  <Component />
</ContextConsumer>
`;

exports[`NoteRoute component renders note route from store when in props 1`] = `null`;
